🔍 API CONFIG: Current host: goldfish-app-4yuma.ondigitalocean.app
api.js:12 🔍 API CONFIG: Using production API: https://goldfish-app-4yuma.ondigitalocean.app/api
documentService.js:8 🔍 DOCUMENT SERVICE API CONFIG: Current host: goldfish-app-4yuma.ondigitalocean.app
documentService.js:12 🔍 DOCUMENT SERVICE API CONFIG: Using production API: https://goldfish-app-4yuma.ondigitalocean.app/api
App.jsx:207 🔍 AUTH: Checking for token. Found: true
App.jsx:209 🔍 AUTH: Token found, verifying...
App.jsx:227 🔍 AUTH: Verifying token with API: https://goldfish-app-4yuma.ondigitalocean.app/api/auth/me
App.jsx:235 🔍 AUTH: Token verification response status: 200
App.jsx:241 🔍 AUTH: Token verification successful, user data: Object
App.jsx:244 🔍 AUTH: Setting authenticated user: Object
App.jsx:298 🔍 ONBOARDING: Checking status for user: Object
App.jsx:299 🔍 ONBOARDING: User role: WORKER
App.jsx:300 🔍 ONBOARDING: User ID: cmfld60ef0000bi0d8ky8hlot
App.jsx:301 🔍 ONBOARDING: hasCompletedOnboarding: undefined
App.jsx:302 🔍 ONBOARDING: needsOnboarding result: false
App.jsx:522 🔍 Fetching activities from API...
App.jsx:1912 🔍 MAIN_RENDER: navigationState.selectedProject: null
App.jsx:1913 🔍 MAIN_RENDER: activePage: Overview
App.jsx:1956 🔍 MAIN_RENDER: Rendering renderPage()
App.jsx:1390 🔍 RENDER: renderPage called with activePage: Overview
App.jsx:1391 🔍 RENDER: navigationState.selectedProject: null
DashboardPage.jsx:143 🔍 DASHBOARD: Component rendering...
DashboardPage.jsx:155 🔍 DASHBOARD DEBUG: projectsData: undefined
DashboardPage.jsx:156 🔍 DASHBOARD DEBUG: projectsData.data: undefined
DashboardPage.jsx:157 🔍 DASHBOARD DEBUG: projectsData.success: undefined
DashboardPage.jsx:158 🔍 DASHBOARD DEBUG: projects array: Array(0)
DashboardPage.jsx:159 🔍 DASHBOARD DEBUG: projects length: 0
DashboardPage.jsx:296 🔍 DASHBOARD: Projects loading state: true
DashboardPage.jsx:297 🔍 DASHBOARD: Projects error: null
DashboardPage.jsx:298 🔍 DASHBOARD: Projects data: undefined
DashboardPage.jsx:299 🔍 DASHBOARD: Projects array length: 0
DashboardPage.jsx:666 🔍 DASHBOARD: About to call useFeedback hook
DashboardPage.jsx:668 🔍 DASHBOARD FEEDBACK DEBUG: realFeedback: Array(0)
DashboardPage.jsx:669 🔍 DASHBOARD FEEDBACK DEBUG: feedbackLoading: true
DashboardPage.jsx:670 🔍 DASHBOARD FEEDBACK DEBUG: feedbackError: null
DashboardPage.jsx:671 🔍 DASHBOARD FEEDBACK DEBUG: realFeedback type: object
DashboardPage.jsx:672 🔍 DASHBOARD FEEDBACK DEBUG: realFeedback length: 0
DashboardPage.jsx:844 🔍 FEEDBACK DEBUG: Feedback items excluded from activity feed as requested
DashboardPage.jsx:969 🔍 DASHBOARD: currentUser from hook: Object
DashboardPage.jsx:970 🔍 DASHBOARD: assignableUsers length: 0
DashboardPage.jsx:971 🔍 DASHBOARD: usersForUi length: 0
DashboardPage.jsx:972 🔍 DASHBOARD: subjects from context: Array(0)
DashboardPage.jsx:143 🔍 DASHBOARD: Component rendering...
DashboardPage.jsx:155 🔍 DASHBOARD DEBUG: projectsData: undefined
DashboardPage.jsx:156 🔍 DASHBOARD DEBUG: projectsData.data: undefined
DashboardPage.jsx:157 🔍 DASHBOARD DEBUG: projectsData.success: undefined
DashboardPage.jsx:158 🔍 DASHBOARD DEBUG: projects array: Array(0)
DashboardPage.jsx:159 🔍 DASHBOARD DEBUG: projects length: 0
DashboardPage.jsx:296 🔍 DASHBOARD: Projects loading state: true
DashboardPage.jsx:297 🔍 DASHBOARD: Projects error: null
DashboardPage.jsx:298 🔍 DASHBOARD: Projects data: undefined
DashboardPage.jsx:299 🔍 DASHBOARD: Projects array length: 0
DashboardPage.jsx:666 🔍 DASHBOARD: About to call useFeedback hook
DashboardPage.jsx:668 🔍 DASHBOARD FEEDBACK DEBUG: realFeedback: Array(0)
DashboardPage.jsx:669 🔍 DASHBOARD FEEDBACK DEBUG: feedbackLoading: true
DashboardPage.jsx:670 🔍 DASHBOARD FEEDBACK DEBUG: feedbackError: null
DashboardPage.jsx:671 🔍 DASHBOARD FEEDBACK DEBUG: realFeedback type: object
DashboardPage.jsx:672 🔍 DASHBOARD FEEDBACK DEBUG: realFeedback length: 0
DashboardPage.jsx:844 🔍 FEEDBACK DEBUG: Feedback items excluded from activity feed as requested
DashboardPage.jsx:969 🔍 DASHBOARD: currentUser from hook: Object
DashboardPage.jsx:970 🔍 DASHBOARD: assignableUsers length: 0
DashboardPage.jsx:971 🔍 DASHBOARD: usersForUi length: 0
DashboardPage.jsx:972 🔍 DASHBOARD: subjects from context: Array(44)
DashboardPage.jsx:143 🔍 DASHBOARD: Component rendering...
DashboardPage.jsx:155 🔍 DASHBOARD DEBUG: projectsData: undefined
DashboardPage.jsx:156 🔍 DASHBOARD DEBUG: projectsData.data: undefined
DashboardPage.jsx:157 🔍 DASHBOARD DEBUG: projectsData.success: undefined
DashboardPage.jsx:158 🔍 DASHBOARD DEBUG: projects array: Array(0)
DashboardPage.jsx:159 🔍 DASHBOARD DEBUG: projects length: 0
DashboardPage.jsx:296 🔍 DASHBOARD: Projects loading state: true
DashboardPage.jsx:297 🔍 DASHBOARD: Projects error: null
DashboardPage.jsx:298 🔍 DASHBOARD: Projects data: undefined
DashboardPage.jsx:299 🔍 DASHBOARD: Projects array length: 0
DashboardPage.jsx:666 🔍 DASHBOARD: About to call useFeedback hook
DashboardPage.jsx:668 🔍 DASHBOARD FEEDBACK DEBUG: realFeedback: Array(0)
DashboardPage.jsx:669 🔍 DASHBOARD FEEDBACK DEBUG: feedbackLoading: true
DashboardPage.jsx:670 🔍 DASHBOARD FEEDBACK DEBUG: feedbackError: null
DashboardPage.jsx:671 🔍 DASHBOARD FEEDBACK DEBUG: realFeedback type: object
DashboardPage.jsx:672 🔍 DASHBOARD FEEDBACK DEBUG: realFeedback length: 0
DashboardPage.jsx:844 🔍 FEEDBACK DEBUG: Feedback items excluded from activity feed as requested
DashboardPage.jsx:969 🔍 DASHBOARD: currentUser from hook: Object
DashboardPage.jsx:970 🔍 DASHBOARD: assignableUsers length: 0
DashboardPage.jsx:971 🔍 DASHBOARD: usersForUi length: 0
DashboardPage.jsx:972 🔍 DASHBOARD: subjects from context: Array(44)
App.jsx:1912 🔍 MAIN_RENDER: navigationState.selectedProject: null
App.jsx:1913 🔍 MAIN_RENDER: activePage: Overview
App.jsx:1956 🔍 MAIN_RENDER: Rendering renderPage()
App.jsx:1390 🔍 RENDER: renderPage called with activePage: Overview
App.jsx:1391 🔍 RENDER: navigationState.selectedProject: null
DashboardPage.jsx:143 🔍 DASHBOARD: Component rendering...
DashboardPage.jsx:155 🔍 DASHBOARD DEBUG: projectsData: undefined
DashboardPage.jsx:156 🔍 DASHBOARD DEBUG: projectsData.data: undefined
DashboardPage.jsx:157 🔍 DASHBOARD DEBUG: projectsData.success: undefined
DashboardPage.jsx:158 🔍 DASHBOARD DEBUG: projects array: Array(0)
DashboardPage.jsx:159 🔍 DASHBOARD DEBUG: projects length: 0
DashboardPage.jsx:296 🔍 DASHBOARD: Projects loading state: true
DashboardPage.jsx:297 🔍 DASHBOARD: Projects error: null
DashboardPage.jsx:298 🔍 DASHBOARD: Projects data: undefined
DashboardPage.jsx:299 🔍 DASHBOARD: Projects array length: 0
DashboardPage.jsx:666 🔍 DASHBOARD: About to call useFeedback hook
DashboardPage.jsx:668 🔍 DASHBOARD FEEDBACK DEBUG: realFeedback: Array(0)
DashboardPage.jsx:669 🔍 DASHBOARD FEEDBACK DEBUG: feedbackLoading: true
DashboardPage.jsx:670 🔍 DASHBOARD FEEDBACK DEBUG: feedbackError: null
DashboardPage.jsx:671 🔍 DASHBOARD FEEDBACK DEBUG: realFeedback type: object
DashboardPage.jsx:672 🔍 DASHBOARD FEEDBACK DEBUG: realFeedback length: 0
DashboardPage.jsx:844 🔍 FEEDBACK DEBUG: Feedback items excluded from activity feed as requested
DashboardPage.jsx:969 🔍 DASHBOARD: currentUser from hook: Object
DashboardPage.jsx:970 🔍 DASHBOARD: assignableUsers length: 0
DashboardPage.jsx:971 🔍 DASHBOARD: usersForUi length: 0
DashboardPage.jsx:972 🔍 DASHBOARD: subjects from context: Array(44)
App.jsx:298 🔍 ONBOARDING: Checking status for user: Object
App.jsx:299 🔍 ONBOARDING: User role: WORKER
App.jsx:300 🔍 ONBOARDING: User ID: cmfld60ef0000bi0d8ky8hlot
App.jsx:301 🔍 ONBOARDING: hasCompletedOnboarding: undefined
App.jsx:302 🔍 ONBOARDING: needsOnboarding result: false
App.jsx:1912 🔍 MAIN_RENDER: navigationState.selectedProject: null
App.jsx:1913 🔍 MAIN_RENDER: activePage: Overview
App.jsx:1956 🔍 MAIN_RENDER: Rendering renderPage()
App.jsx:1390 🔍 RENDER: renderPage called with activePage: Overview
App.jsx:1391 🔍 RENDER: navigationState.selectedProject: null
DashboardPage.jsx:143 🔍 DASHBOARD: Component rendering...
DashboardPage.jsx:155 🔍 DASHBOARD DEBUG: projectsData: undefined
DashboardPage.jsx:156 🔍 DASHBOARD DEBUG: projectsData.data: undefined
DashboardPage.jsx:157 🔍 DASHBOARD DEBUG: projectsData.success: undefined
DashboardPage.jsx:158 🔍 DASHBOARD DEBUG: projects array: Array(0)
DashboardPage.jsx:159 🔍 DASHBOARD DEBUG: projects length: 0
DashboardPage.jsx:296 🔍 DASHBOARD: Projects loading state: true
DashboardPage.jsx:297 🔍 DASHBOARD: Projects error: null
DashboardPage.jsx:298 🔍 DASHBOARD: Projects data: undefined
DashboardPage.jsx:299 🔍 DASHBOARD: Projects array length: 0
DashboardPage.jsx:666 🔍 DASHBOARD: About to call useFeedback hook
DashboardPage.jsx:668 🔍 DASHBOARD FEEDBACK DEBUG: realFeedback: Array(0)
DashboardPage.jsx:669 🔍 DASHBOARD FEEDBACK DEBUG: feedbackLoading: true
DashboardPage.jsx:670 🔍 DASHBOARD FEEDBACK DEBUG: feedbackError: null
DashboardPage.jsx:671 🔍 DASHBOARD FEEDBACK DEBUG: realFeedback type: object
DashboardPage.jsx:672 🔍 DASHBOARD FEEDBACK DEBUG: realFeedback length: 0
DashboardPage.jsx:844 🔍 FEEDBACK DEBUG: Feedback items excluded from activity feed as requested
DashboardPage.jsx:969 🔍 DASHBOARD: currentUser from hook: Object
DashboardPage.jsx:970 🔍 DASHBOARD: assignableUsers length: 0
DashboardPage.jsx:971 🔍 DASHBOARD: usersForUi length: 0
DashboardPage.jsx:972 🔍 DASHBOARD: subjects from context: Array(44)
App.jsx:1847 Profile image loaded successfully: https://lh3.googleusercontent.com/a/ACg8ocK5W0urR8Q4Pj5mE3DitOWhiY5Oi2TGlvJm3Mf99G64RRiy=s96-c
DashboardPage.jsx:143 🔍 DASHBOARD: Component rendering...
DashboardPage.jsx:155 🔍 DASHBOARD DEBUG: projectsData: undefined
DashboardPage.jsx:156 🔍 DASHBOARD DEBUG: projectsData.data: undefined
DashboardPage.jsx:157 🔍 DASHBOARD DEBUG: projectsData.success: undefined
DashboardPage.jsx:158 🔍 DASHBOARD DEBUG: projects array: Array(0)
DashboardPage.jsx:159 🔍 DASHBOARD DEBUG: projects length: 0
DashboardPage.jsx:296 🔍 DASHBOARD: Projects loading state: true
DashboardPage.jsx:297 🔍 DASHBOARD: Projects error: null
DashboardPage.jsx:298 🔍 DASHBOARD: Projects data: undefined
DashboardPage.jsx:299 🔍 DASHBOARD: Projects array length: 0
DashboardPage.jsx:666 🔍 DASHBOARD: About to call useFeedback hook
DashboardPage.jsx:668 🔍 DASHBOARD FEEDBACK DEBUG: realFeedback: Array(0)
DashboardPage.jsx:669 🔍 DASHBOARD FEEDBACK DEBUG: feedbackLoading: true
DashboardPage.jsx:670 🔍 DASHBOARD FEEDBACK DEBUG: feedbackError: null
DashboardPage.jsx:671 🔍 DASHBOARD FEEDBACK DEBUG: realFeedback type: object
DashboardPage.jsx:672 🔍 DASHBOARD FEEDBACK DEBUG: realFeedback length: 0
DashboardPage.jsx:844 🔍 FEEDBACK DEBUG: Feedback items excluded from activity feed as requested
DashboardPage.jsx:969 🔍 DASHBOARD: currentUser from hook: Object
DashboardPage.jsx:970 🔍 DASHBOARD: assignableUsers length: 0
DashboardPage.jsx:971 🔍 DASHBOARD: usersForUi length: 0
DashboardPage.jsx:972 🔍 DASHBOARD: subjects from context: Array(44)
/api/auth/me:1  Failed to load resource: the server responded with a status of 504 ()Understand this error
/api/calendar-events?limit=20:1  Failed to load resource: the server responded with a status of 504 ()Understand this error
api.js:145 🚨 API ERROR: Objectdata: "      <!DOCTYPE html>\n      <html>\n      <head>\n          <meta name=\"viewport\" content=\"width=device-width, initial-scale=1\">\n          <meta name=\"robots\" content=\"noindex\">\n          <style>body,html{height:100%;margin:0}body{display:flex;align-items:center;justify-content:center;flex-direction:column;-webkit-font-smoothing:antialiased;text-rendering:optimizeLegibility}p{text-align:center;font-family:-apple-system,BlinkMacSystemFont,Segoe UI,Roboto,Oxygen,Ubuntu,Cantarell,Fira Sans,Droid Sans,Helvetica Neue,sans-serif;color:#000;font-size:14px;margin-top:-50px}p.code{font-size:24px;font-weight:500;border-bottom:1px solid #e0e1e2;padding:0 20px 15px}p.text{margin:0}a,a:visited{color:#aaa}</style>\n      </head>\n      <body>\n      <p class=\"code\">\n        Error\n      </p>\n      <p class=\"text\">\n        We encountered an error when trying to load your application and your page could not be served. Check the logs for your application in the App Platform dashboard.\n      </p>\n        <div style=\"display:none;\">\n          <h1>\n    upstream_reset_before_response_started{connection_termination} (503 UC)      </h1>\n          <p data-translate=\"connection_timed_out\">App Platform failed to forward this request to the application.</p>\n      </div>\n      </body>\n      </html>\n    "message: "Request failed with status code 504"method: "get"status: 504statusText: ""url: "/calendar-events"[[Prototype]]: Object
(anonymous) @ api.js:145Understand this error
/api/tasks?page=1&limit=20:1  Failed to load resource: the server responded with a status of 504 ()Understand this error
api.js:145 🚨 API ERROR: Objectdata: "      <!DOCTYPE html>\n      <html>\n      <head>\n          <meta name=\"viewport\" content=\"width=device-width, initial-scale=1\">\n          <meta name=\"robots\" content=\"noindex\">\n          <style>body,html{height:100%;margin:0}body{display:flex;align-items:center;justify-content:center;flex-direction:column;-webkit-font-smoothing:antialiased;text-rendering:optimizeLegibility}p{text-align:center;font-family:-apple-system,BlinkMacSystemFont,Segoe UI,Roboto,Oxygen,Ubuntu,Cantarell,Fira Sans,Droid Sans,Helvetica Neue,sans-serif;color:#000;font-size:14px;margin-top:-50px}p.code{font-size:24px;font-weight:500;border-bottom:1px solid #e0e1e2;padding:0 20px 15px}p.text{margin:0}a,a:visited{color:#aaa}</style>\n      </head>\n      <body>\n      <p class=\"code\">\n        Error\n      </p>\n      <p class=\"text\">\n        We encountered an error when trying to load your application and your page could not be served. Check the logs for your application in the App Platform dashboard.\n      </p>\n        <div style=\"display:none;\">\n          <h1>\n    upstream_reset_before_response_started{connection_termination} (503 UC)      </h1>\n          <p data-translate=\"connection_timed_out\">App Platform failed to forward this request to the application.</p>\n      </div>\n      </body>\n      </html>\n    "message: "Request failed with status code 504"method: "get"status: 504statusText: ""url: "/tasks"[[Prototype]]: Object
(anonymous) @ api.js:145Understand this error
/api/activities:1  Failed to load resource: the server responded with a status of 504 ()Understand this error
api.js:145 🚨 API ERROR: Objectdata: "      <!DOCTYPE html>\n      <html>\n      <head>\n          <meta name=\"viewport\" content=\"width=device-width, initial-scale=1\">\n          <meta name=\"robots\" content=\"noindex\">\n          <style>body,html{height:100%;margin:0}body{display:flex;align-items:center;justify-content:center;flex-direction:column;-webkit-font-smoothing:antialiased;text-rendering:optimizeLegibility}p{text-align:center;font-family:-apple-system,BlinkMacSystemFont,Segoe UI,Roboto,Oxygen,Ubuntu,Cantarell,Fira Sans,Droid Sans,Helvetica Neue,sans-serif;color:#000;font-size:14px;margin-top:-50px}p.code{font-size:24px;font-weight:500;border-bottom:1px solid #e0e1e2;padding:0 20px 15px}p.text{margin:0}a,a:visited{color:#aaa}</style>\n      </head>\n      <body>\n      <p class=\"code\">\n        Error\n      </p>\n      <p class=\"text\">\n        We encountered an error when trying to load your application and your page could not be served. Check the logs for your application in the App Platform dashboard.\n      </p>\n        <div style=\"display:none;\">\n          <h1>\n    upstream_reset_before_response_started{connection_termination} (503 UC)      </h1>\n          <p data-translate=\"connection_timed_out\">App Platform failed to forward this request to the application.</p>\n      </div>\n      </body>\n      </html>\n    "message: "Request failed with status code 504"method: "get"status: 504statusText: ""url: "/activities"[[Prototype]]: Object
(anonymous) @ api.js:145Understand this error
App.jsx:544 Error fetching activities: Vcode: "ERR_BAD_RESPONSE"config: {transitional: {…}, adapter: Array(3), transformRequest: Array(1), transformResponse: Array(1), timeout: 20000, …}message: "Server error: The server is experiencing issues. Please try again later."name: "AxiosError"request: XMLHttpRequestonabort: ƒ ()onerror: ƒ ()onload: nullonloadend: ƒ g()onloadstart: nullonprogress: nullonreadystatechange: nullontimeout: ƒ ()readyState: 4response: "      <!DOCTYPE html>\n      <html>\n      <head>\n          <meta name=\"viewport\" content=\"width=device-width, initial-scale=1\">\n          <meta name=\"robots\" content=\"noindex\">\n          <style>body,html{height:100%;margin:0}body{display:flex;align-items:center;justify-content:center;flex-direction:column;-webkit-font-smoothing:antialiased;text-rendering:optimizeLegibility}p{text-align:center;font-family:-apple-system,BlinkMacSystemFont,Segoe UI,Roboto,Oxygen,Ubuntu,Cantarell,Fira Sans,Droid Sans,Helvetica Neue,sans-serif;color:#000;font-size:14px;margin-top:-50px}p.code{font-size:24px;font-weight:500;border-bottom:1px solid #e0e1e2;padding:0 20px 15px}p.text{margin:0}a,a:visited{color:#aaa}</style>\n      </head>\n      <body>\n      <p class=\"code\">\n        Error\n      </p>\n      <p class=\"text\">\n        We encountered an error when trying to load your application and your page could not be served. Check the logs for your application in the App Platform dashboard.\n      </p>\n        <div style=\"display:none;\">\n          <h1>\n    upstream_reset_before_response_started{connection_termination} (503 UC)      </h1>\n          <p data-translate=\"connection_timed_out\">App Platform failed to forward this request to the application.</p>\n      </div>\n      </body>\n      </html>\n    "responseText: "      <!DOCTYPE html>\n      <html>\n      <head>\n          <meta name=\"viewport\" content=\"width=device-width, initial-scale=1\">\n          <meta name=\"robots\" content=\"noindex\">\n          <style>body,html{height:100%;margin:0}body{display:flex;align-items:center;justify-content:center;flex-direction:column;-webkit-font-smoothing:antialiased;text-rendering:optimizeLegibility}p{text-align:center;font-family:-apple-system,BlinkMacSystemFont,Segoe UI,Roboto,Oxygen,Ubuntu,Cantarell,Fira Sans,Droid Sans,Helvetica Neue,sans-serif;color:#000;font-size:14px;margin-top:-50px}p.code{font-size:24px;font-weight:500;border-bottom:1px solid #e0e1e2;padding:0 20px 15px}p.text{margin:0}a,a:visited{color:#aaa}</style>\n      </head>\n      <body>\n      <p class=\"code\">\n        Error\n      </p>\n      <p class=\"text\">\n        We encountered an error when trying to load your application and your page could not be served. Check the logs for your application in the App Platform dashboard.\n      </p>\n        <div style=\"display:none;\">\n          <h1>\n    upstream_reset_before_response_started{connection_termination} (503 UC)      </h1>\n          <p data-translate=\"connection_timed_out\">App Platform failed to forward this request to the application.</p>\n      </div>\n      </body>\n      </html>\n    "responseType: ""responseURL: "https://goldfish-app-4yuma.ondigitalocean.app/api/activities"responseXML: nullstatus: 504statusText: ""timeout: 20000upload: XMLHttpRequestUpload {onloadstart: null, onprogress: null, onabort: null, onerror: null, onload: null, …}withCredentials: false[[Prototype]]: XMLHttpRequestresponse: config: {transitional: {…}, adapter: Array(3), transformRequest: Array(1), transformResponse: Array(1), timeout: 20000, …}data: "      <!DOCTYPE html>\n      <html>\n      <head>\n          <meta name=\"viewport\" content=\"width=device-width, initial-scale=1\">\n          <meta name=\"robots\" content=\"noindex\">\n          <style>body,html{height:100%;margin:0}body{display:flex;align-items:center;justify-content:center;flex-direction:column;-webkit-font-smoothing:antialiased;text-rendering:optimizeLegibility}p{text-align:center;font-family:-apple-system,BlinkMacSystemFont,Segoe UI,Roboto,Oxygen,Ubuntu,Cantarell,Fira Sans,Droid Sans,Helvetica Neue,sans-serif;color:#000;font-size:14px;margin-top:-50px}p.code{font-size:24px;font-weight:500;border-bottom:1px solid #e0e1e2;padding:0 20px 15px}p.text{margin:0}a,a:visited{color:#aaa}</style>\n      </head>\n      <body>\n      <p class=\"code\">\n        Error\n      </p>\n      <p class=\"text\">\n        We encountered an error when trying to load your application and your page could not be served. Check the logs for your application in the App Platform dashboard.\n      </p>\n        <div style=\"display:none;\">\n          <h1>\n    upstream_reset_before_response_started{connection_termination} (503 UC)      </h1>\n          <p data-translate=\"connection_timed_out\">App Platform failed to forward this request to the application.</p>\n      </div>\n      </body>\n      </html>\n    "headers: Ne {alt-svc: 'h3=":443"; ma=86400', cache-control: 'private', cf-cache-status: 'MISS', cf-ray: '9aa62cf49b9a7252-ATL', content-type: 'text/html', …}request: XMLHttpRequestonabort: ƒ ()onerror: ƒ ()onload: nullonloadend: ƒ g()onloadstart: nullonprogress: nullonreadystatechange: nullontimeout: ƒ ()readyState: 4response: "      <!DOCTYPE html>\n      <html>\n      <head>\n          <meta name=\"viewport\" content=\"width=device-width, initial-scale=1\">\n          <meta name=\"robots\" content=\"noindex\">\n          <style>body,html{height:100%;margin:0}body{display:flex;align-items:center;justify-content:center;flex-direction:column;-webkit-font-smoothing:antialiased;text-rendering:optimizeLegibility}p{text-align:center;font-family:-apple-system,BlinkMacSystemFont,Segoe UI,Roboto,Oxygen,Ubuntu,Cantarell,Fira Sans,Droid Sans,Helvetica Neue,sans-serif;color:#000;font-size:14px;margin-top:-50px}p.code{font-size:24px;font-weight:500;border-bottom:1px solid #e0e1e2;padding:0 20px 15px}p.text{margin:0}a,a:visited{color:#aaa}</style>\n      </head>\n      <body>\n      <p class=\"code\">\n        Error\n      </p>\n      <p class=\"text\">\n        We encountered an error when trying to load your application and your page could not be served. Check the logs for your application in the App Platform dashboard.\n      </p>\n        <div style=\"display:none;\">\n          <h1>\n    upstream_reset_before_response_started{connection_termination} (503 UC)      </h1>\n          <p data-translate=\"connection_timed_out\">App Platform failed to forward this request to the application.</p>\n      </div>\n      </body>\n      </html>\n    "responseText: "      <!DOCTYPE html>\n      <html>\n      <head>\n          <meta name=\"viewport\" content=\"width=device-width, initial-scale=1\">\n          <meta name=\"robots\" content=\"noindex\">\n          <style>body,html{height:100%;margin:0}body{display:flex;align-items:center;justify-content:center;flex-direction:column;-webkit-font-smoothing:antialiased;text-rendering:optimizeLegibility}p{text-align:center;font-family:-apple-system,BlinkMacSystemFont,Segoe UI,Roboto,Oxygen,Ubuntu,Cantarell,Fira Sans,Droid Sans,Helvetica Neue,sans-serif;color:#000;font-size:14px;margin-top:-50px}p.code{font-size:24px;font-weight:500;border-bottom:1px solid #e0e1e2;padding:0 20px 15px}p.text{margin:0}a,a:visited{color:#aaa}</style>\n      </head>\n      <body>\n      <p class=\"code\">\n        Error\n      </p>\n      <p class=\"text\">\n        We encountered an error when trying to load your application and your page could not be served. Check the logs for your application in the App Platform dashboard.\n      </p>\n        <div style=\"display:none;\">\n          <h1>\n    upstream_reset_before_response_started{connection_termination} (503 UC)      </h1>\n          <p data-translate=\"connection_timed_out\">App Platform failed to forward this request to the application.</p>\n      </div>\n      </body>\n      </html>\n    "responseType: ""responseURL: "https://goldfish-app-4yuma.ondigitalocean.app/api/activities"responseXML: nullstatus: 504statusText: ""timeout: 20000upload: XMLHttpRequestUpload {onloadstart: null, onprogress: null, onabort: null, onerror: null, onload: null, …}withCredentials: false[[Prototype]]: XMLHttpRequeststatus: 504statusText: ""[[Prototype]]: Objectstatus: 504stack: "AxiosError: Server error: The server is experiencing issues. Please try again later.\n    at Ee (https://goldfish-app-4yuma.ondigitalocean.app/static/js/main.a4858aff.js:2:328278)\n    at XMLHttpRequest.g (https://goldfish-app-4yuma.ondigitalocean.app/static/js/main.a4858aff.js:2:332878)\n    at wt.request (https://goldfish-app-4yuma.ondigitalocean.app/static/js/main.a4858aff.js:2:344007)\n    at async Object.getAll (https://goldfish-app-4yuma.ondigitalocean.app/static/js/main.a4858aff.js:2:272440)\n    at async https://goldfish-app-4yuma.ondigitalocean.app/static/js/main.a4858aff.js:2:2178642"[[Prototype]]: Error
(anonymous) @ App.jsx:544Understand this error
/api/feedback?limit=20:1  Failed to load resource: the server responded with a status of 504 ()Understand this error
api.js:145 🚨 API ERROR: Objectdata: "      <!DOCTYPE html>\n      <html>\n      <head>\n          <meta name=\"viewport\" content=\"width=device-width, initial-scale=1\">\n          <meta name=\"robots\" content=\"noindex\">\n          <style>body,html{height:100%;margin:0}body{display:flex;align-items:center;justify-content:center;flex-direction:column;-webkit-font-smoothing:antialiased;text-rendering:optimizeLegibility}p{text-align:center;font-family:-apple-system,BlinkMacSystemFont,Segoe UI,Roboto,Oxygen,Ubuntu,Cantarell,Fira Sans,Droid Sans,Helvetica Neue,sans-serif;color:#000;font-size:14px;margin-top:-50px}p.code{font-size:24px;font-weight:500;border-bottom:1px solid #e0e1e2;padding:0 20px 15px}p.text{margin:0}a,a:visited{color:#aaa}</style>\n      </head>\n      <body>\n      <p class=\"code\">\n        Error\n      </p>\n      <p class=\"text\">\n        We encountered an error when trying to load your application and your page could not be served. Check the logs for your application in the App Platform dashboard.\n      </p>\n        <div style=\"display:none;\">\n          <h1>\n    upstream_reset_before_response_started{connection_termination} (503 UC)      </h1>\n          <p data-translate=\"connection_timed_out\">App Platform failed to forward this request to the application.</p>\n      </div>\n      </body>\n      </html>\n    "message: "Request failed with status code 504"method: "get"status: 504statusText: ""url: "/feedback"[[Prototype]]: Object
(anonymous) @ api.js:145Understand this error
/api/activities/recent?limit=50:1  Failed to load resource: the server responded with a status of 504 ()Understand this error
api.js:145 🚨 API ERROR: Objectdata: "      <!DOCTYPE html>\n      <html>\n      <head>\n          <meta name=\"viewport\" content=\"width=device-width, initial-scale=1\">\n          <meta name=\"robots\" content=\"noindex\">\n          <style>body,html{height:100%;margin:0}body{display:flex;align-items:center;justify-content:center;flex-direction:column;-webkit-font-smoothing:antialiased;text-rendering:optimizeLegibility}p{text-align:center;font-family:-apple-system,BlinkMacSystemFont,Segoe UI,Roboto,Oxygen,Ubuntu,Cantarell,Fira Sans,Droid Sans,Helvetica Neue,sans-serif;color:#000;font-size:14px;margin-top:-50px}p.code{font-size:24px;font-weight:500;border-bottom:1px solid #e0e1e2;padding:0 20px 15px}p.text{margin:0}a,a:visited{color:#aaa}</style>\n      </head>\n      <body>\n      <p class=\"code\">\n        Error\n      </p>\n      <p class=\"text\">\n        We encountered an error when trying to load your application and your page could not be served. Check the logs for your application in the App Platform dashboard.\n      </p>\n        <div style=\"display:none;\">\n          <h1>\n    upstream_reset_before_response_started{connection_termination} (503 UC)      </h1>\n          <p data-translate=\"connection_timed_out\">App Platform failed to forward this request to the application.</p>\n      </div>\n      </body>\n      </html>\n    "message: "Request failed with status code 504"method: "get"status: 504statusText: ""url: "/activities/recent"[[Prototype]]: Object
(anonymous) @ api.js:145Understand this error
App.jsx:1912 🔍 MAIN_RENDER: navigationState.selectedProject: null
App.jsx:1913 🔍 MAIN_RENDER: activePage: Overview
App.jsx:1956 🔍 MAIN_RENDER: Rendering renderPage()
App.jsx:1390 🔍 RENDER: renderPage called with activePage: Overview
App.jsx:1391 🔍 RENDER: navigationState.selectedProject: null
DashboardPage.jsx:143 🔍 DASHBOARD: Component rendering...
DashboardPage.jsx:155 🔍 DASHBOARD DEBUG: projectsData: undefined
DashboardPage.jsx:156 🔍 DASHBOARD DEBUG: projectsData.data: undefined
DashboardPage.jsx:157 🔍 DASHBOARD DEBUG: projectsData.success: undefined
DashboardPage.jsx:158 🔍 DASHBOARD DEBUG: projects array: Array(0)
DashboardPage.jsx:159 🔍 DASHBOARD DEBUG: projects length: 0
DashboardPage.jsx:296 🔍 DASHBOARD: Projects loading state: true
DashboardPage.jsx:297 🔍 DASHBOARD: Projects error: null
DashboardPage.jsx:298 🔍 DASHBOARD: Projects data: undefined
DashboardPage.jsx:299 🔍 DASHBOARD: Projects array length: 0
DashboardPage.jsx:666 🔍 DASHBOARD: About to call useFeedback hook
DashboardPage.jsx:668 🔍 DASHBOARD FEEDBACK DEBUG: realFeedback: Array(0)
DashboardPage.jsx:669 🔍 DASHBOARD FEEDBACK DEBUG: feedbackLoading: false
DashboardPage.jsx:670 🔍 DASHBOARD FEEDBACK DEBUG: feedbackError: V
DashboardPage.jsx:671 🔍 DASHBOARD FEEDBACK DEBUG: realFeedback type: object
DashboardPage.jsx:672 🔍 DASHBOARD FEEDBACK DEBUG: realFeedback length: 0
DashboardPage.jsx:844 🔍 FEEDBACK DEBUG: Feedback items excluded from activity feed as requested
DashboardPage.jsx:969 🔍 DASHBOARD: currentUser from hook: Object
DashboardPage.jsx:970 🔍 DASHBOARD: assignableUsers length: 0
DashboardPage.jsx:971 🔍 DASHBOARD: usersForUi length: 0
DashboardPage.jsx:972 🔍 DASHBOARD: subjects from context: Array(44)
DashboardPage.jsx:143 🔍 DASHBOARD: Component rendering...
DashboardPage.jsx:155 🔍 DASHBOARD DEBUG: projectsData: Object
DashboardPage.jsx:156 🔍 DASHBOARD DEBUG: projectsData.data: Array(1)
DashboardPage.jsx:157 🔍 DASHBOARD DEBUG: projectsData.success: undefined
DashboardPage.jsx:158 🔍 DASHBOARD DEBUG: projects array: Array(1)
DashboardPage.jsx:159 🔍 DASHBOARD DEBUG: projects length: 1
DashboardPage.jsx:296 🔍 DASHBOARD: Projects loading state: false
DashboardPage.jsx:297 🔍 DASHBOARD: Projects error: null
DashboardPage.jsx:298 🔍 DASHBOARD: Projects data: Object
DashboardPage.jsx:299 🔍 DASHBOARD: Projects array length: 1
DashboardPage.jsx:666 🔍 DASHBOARD: About to call useFeedback hook
DashboardPage.jsx:668 🔍 DASHBOARD FEEDBACK DEBUG: realFeedback: Array(0)
DashboardPage.jsx:669 🔍 DASHBOARD FEEDBACK DEBUG: feedbackLoading: false
DashboardPage.jsx:670 🔍 DASHBOARD FEEDBACK DEBUG: feedbackError: V
DashboardPage.jsx:671 🔍 DASHBOARD FEEDBACK DEBUG: realFeedback type: object
DashboardPage.jsx:672 🔍 DASHBOARD FEEDBACK DEBUG: realFeedback length: 0
DashboardPage.jsx:844 🔍 FEEDBACK DEBUG: Feedback items excluded from activity feed as requested
DashboardPage.jsx:969 🔍 DASHBOARD: currentUser from hook: Object
DashboardPage.jsx:970 🔍 DASHBOARD: assignableUsers length: 0
DashboardPage.jsx:971 🔍 DASHBOARD: usersForUi length: 0
DashboardPage.jsx:972 🔍 DASHBOARD: subjects from context: Array(44)
DashboardPage.jsx:143 🔍 DASHBOARD: Component rendering...
DashboardPage.jsx:155 🔍 DASHBOARD DEBUG: projectsData: Object
DashboardPage.jsx:156 🔍 DASHBOARD DEBUG: projectsData.data: Array(1)
DashboardPage.jsx:157 🔍 DASHBOARD DEBUG: projectsData.success: undefined
DashboardPage.jsx:158 🔍 DASHBOARD DEBUG: projects array: Array(1)
DashboardPage.jsx:159 🔍 DASHBOARD DEBUG: projects length: 1
DashboardPage.jsx:296 🔍 DASHBOARD: Projects loading state: false
DashboardPage.jsx:297 🔍 DASHBOARD: Projects error: null
DashboardPage.jsx:298 🔍 DASHBOARD: Projects data: Object
DashboardPage.jsx:299 🔍 DASHBOARD: Projects array length: 1
DashboardPage.jsx:666 🔍 DASHBOARD: About to call useFeedback hook
DashboardPage.jsx:668 🔍 DASHBOARD FEEDBACK DEBUG: realFeedback: Array(0)
DashboardPage.jsx:669 🔍 DASHBOARD FEEDBACK DEBUG: feedbackLoading: false
DashboardPage.jsx:670 🔍 DASHBOARD FEEDBACK DEBUG: feedbackError: V
DashboardPage.jsx:671 🔍 DASHBOARD FEEDBACK DEBUG: realFeedback type: object
DashboardPage.jsx:672 🔍 DASHBOARD FEEDBACK DEBUG: realFeedback length: 0
DashboardPage.jsx:844 🔍 FEEDBACK DEBUG: Feedback items excluded from activity feed as requested
DashboardPage.jsx:969 🔍 DASHBOARD: currentUser from hook: Object
DashboardPage.jsx:970 🔍 DASHBOARD: assignableUsers length: 0
DashboardPage.jsx:971 🔍 DASHBOARD: usersForUi length: 0
DashboardPage.jsx:972 🔍 DASHBOARD: subjects from context: Array(44)
App.jsx:500 ✅ Fetched projects from API: 1
App.jsx:1912 🔍 MAIN_RENDER: navigationState.selectedProject: null
App.jsx:1913 🔍 MAIN_RENDER: activePage: Overview
App.jsx:1956 🔍 MAIN_RENDER: Rendering renderPage()
App.jsx:1390 🔍 RENDER: renderPage called with activePage: Overview
App.jsx:1391 🔍 RENDER: navigationState.selectedProject: null
DashboardPage.jsx:143 🔍 DASHBOARD: Component rendering...
DashboardPage.jsx:155 🔍 DASHBOARD DEBUG: projectsData: Object
DashboardPage.jsx:156 🔍 DASHBOARD DEBUG: projectsData.data: Array(1)
DashboardPage.jsx:157 🔍 DASHBOARD DEBUG: projectsData.success: undefined
DashboardPage.jsx:158 🔍 DASHBOARD DEBUG: projects array: Array(1)
DashboardPage.jsx:159 🔍 DASHBOARD DEBUG: projects length: 1
DashboardPage.jsx:296 🔍 DASHBOARD: Projects loading state: false
DashboardPage.jsx:297 🔍 DASHBOARD: Projects error: null
DashboardPage.jsx:298 🔍 DASHBOARD: Projects data: Object
DashboardPage.jsx:299 🔍 DASHBOARD: Projects array length: 1
DashboardPage.jsx:666 🔍 DASHBOARD: About to call useFeedback hook
DashboardPage.jsx:668 🔍 DASHBOARD FEEDBACK DEBUG: realFeedback: Array(0)
DashboardPage.jsx:669 🔍 DASHBOARD FEEDBACK DEBUG: feedbackLoading: false
DashboardPage.jsx:670 🔍 DASHBOARD FEEDBACK DEBUG: feedbackError: V
DashboardPage.jsx:671 🔍 DASHBOARD FEEDBACK DEBUG: realFeedback type: object
DashboardPage.jsx:672 🔍 DASHBOARD FEEDBACK DEBUG: realFeedback length: 0
DashboardPage.jsx:844 🔍 FEEDBACK DEBUG: Feedback items excluded from activity feed as requested
DashboardPage.jsx:969 🔍 DASHBOARD: currentUser from hook: Object
DashboardPage.jsx:970 🔍 DASHBOARD: assignableUsers length: 0
DashboardPage.jsx:971 🔍 DASHBOARD: usersForUi length: 0
DashboardPage.jsx:972 🔍 DASHBOARD: subjects from context: Array(44)
DashboardPage.jsx:143 🔍 DASHBOARD: Component rendering...
DashboardPage.jsx:155 🔍 DASHBOARD DEBUG: projectsData: Object
DashboardPage.jsx:156 🔍 DASHBOARD DEBUG: projectsData.data: Array(1)
DashboardPage.jsx:157 🔍 DASHBOARD DEBUG: projectsData.success: undefined
DashboardPage.jsx:158 🔍 DASHBOARD DEBUG: projects array: Array(1)
DashboardPage.jsx:159 🔍 DASHBOARD DEBUG: projects length: 1
DashboardPage.jsx:296 🔍 DASHBOARD: Projects loading state: false
DashboardPage.jsx:297 🔍 DASHBOARD: Projects error: null
DashboardPage.jsx:298 🔍 DASHBOARD: Projects data: Object
DashboardPage.jsx:299 🔍 DASHBOARD: Projects array length: 1
DashboardPage.jsx:666 🔍 DASHBOARD: About to call useFeedback hook
DashboardPage.jsx:668 🔍 DASHBOARD FEEDBACK DEBUG: realFeedback: Array(0)
DashboardPage.jsx:669 🔍 DASHBOARD FEEDBACK DEBUG: feedbackLoading: false
DashboardPage.jsx:670 🔍 DASHBOARD FEEDBACK DEBUG: feedbackError: V
DashboardPage.jsx:671 🔍 DASHBOARD FEEDBACK DEBUG: realFeedback type: object
DashboardPage.jsx:672 🔍 DASHBOARD FEEDBACK DEBUG: realFeedback length: 0
DashboardPage.jsx:844 🔍 FEEDBACK DEBUG: Feedback items excluded from activity feed as requested
DashboardPage.jsx:969 🔍 DASHBOARD: currentUser from hook: Object
DashboardPage.jsx:970 🔍 DASHBOARD: assignableUsers length: 33
DashboardPage.jsx:971 🔍 DASHBOARD: usersForUi length: 33
DashboardPage.jsx:972 🔍 DASHBOARD: subjects from context: Array(44)
DashboardPage.jsx:143 🔍 DASHBOARD: Component rendering...
DashboardPage.jsx:155 🔍 DASHBOARD DEBUG: projectsData: Object
DashboardPage.jsx:156 🔍 DASHBOARD DEBUG: projectsData.data: Array(1)
DashboardPage.jsx:157 🔍 DASHBOARD DEBUG: projectsData.success: undefined
DashboardPage.jsx:158 🔍 DASHBOARD DEBUG: projects array: Array(1)
DashboardPage.jsx:159 🔍 DASHBOARD DEBUG: projects length: 1
DashboardPage.jsx:296 🔍 DASHBOARD: Projects loading state: false
DashboardPage.jsx:297 🔍 DASHBOARD: Projects error: null
DashboardPage.jsx:298 🔍 DASHBOARD: Projects data: Object
DashboardPage.jsx:299 🔍 DASHBOARD: Projects array length: 1
DashboardPage.jsx:666 🔍 DASHBOARD: About to call useFeedback hook
DashboardPage.jsx:668 🔍 DASHBOARD FEEDBACK DEBUG: realFeedback: Array(0)
DashboardPage.jsx:669 🔍 DASHBOARD FEEDBACK DEBUG: feedbackLoading: false
DashboardPage.jsx:670 🔍 DASHBOARD FEEDBACK DEBUG: feedbackError: V
DashboardPage.jsx:671 🔍 DASHBOARD FEEDBACK DEBUG: realFeedback type: object
DashboardPage.jsx:672 🔍 DASHBOARD FEEDBACK DEBUG: realFeedback length: 0
DashboardPage.jsx:844 🔍 FEEDBACK DEBUG: Feedback items excluded from activity feed as requested
DashboardPage.jsx:969 🔍 DASHBOARD: currentUser from hook: Object
DashboardPage.jsx:970 🔍 DASHBOARD: assignableUsers length: 33
DashboardPage.jsx:971 🔍 DASHBOARD: usersForUi length: 33
DashboardPage.jsx:972 🔍 DASHBOARD: subjects from context: Array(44)
/api/calendar-events?limit=20:1  Failed to load resource: the server responded with a status of 401 ()Understand this error
api.js:145 🚨 API ERROR: Object
(anonymous) @ api.js:145Understand this error
/api/activities/recent?limit=50:1  Failed to load resource: the server responded with a status of 401 ()Understand this error
api.js:145 🚨 API ERROR: Object
(anonymous) @ api.js:145Understand this error
DashboardPage.jsx:143 🔍 DASHBOARD: Component rendering...
DashboardPage.jsx:155 🔍 DASHBOARD DEBUG: projectsData: Object
DashboardPage.jsx:156 🔍 DASHBOARD DEBUG: projectsData.data: Array(1)
DashboardPage.jsx:157 🔍 DASHBOARD DEBUG: projectsData.success: undefined
DashboardPage.jsx:158 🔍 DASHBOARD DEBUG: projects array: Array(1)
DashboardPage.jsx:159 🔍 DASHBOARD DEBUG: projects length: 1
DashboardPage.jsx:296 🔍 DASHBOARD: Projects loading state: false
DashboardPage.jsx:297 🔍 DASHBOARD: Projects error: null
DashboardPage.jsx:298 🔍 DASHBOARD: Projects data: Object
DashboardPage.jsx:299 🔍 DASHBOARD: Projects array length: 1
DashboardPage.jsx:666 🔍 DASHBOARD: About to call useFeedback hook
DashboardPage.jsx:668 🔍 DASHBOARD FEEDBACK DEBUG: realFeedback: Array(0)
DashboardPage.jsx:669 🔍 DASHBOARD FEEDBACK DEBUG: feedbackLoading: false
DashboardPage.jsx:670 🔍 DASHBOARD FEEDBACK DEBUG: feedbackError: V
DashboardPage.jsx:671 🔍 DASHBOARD FEEDBACK DEBUG: realFeedback type: object
DashboardPage.jsx:672 🔍 DASHBOARD FEEDBACK DEBUG: realFeedback length: 0
DashboardPage.jsx:844 🔍 FEEDBACK DEBUG: Feedback items excluded from activity feed as requested
DashboardPage.jsx:969 🔍 DASHBOARD: currentUser from hook: Object
DashboardPage.jsx:970 🔍 DASHBOARD: assignableUsers length: 33
DashboardPage.jsx:971 🔍 DASHBOARD: usersForUi length: 33
DashboardPage.jsx:972 🔍 DASHBOARD: subjects from context: Array(44)
App.jsx:805 🔍 APP: navigate called with page: Company Calendar
App.jsx:806 🔍 APP: Current activePage: Overview
App.jsx:1912 🔍 MAIN_RENDER: navigationState.selectedProject: null
App.jsx:1913 🔍 MAIN_RENDER: activePage: Company Calendar
App.jsx:1956 🔍 MAIN_RENDER: Rendering renderPage()
App.jsx:1390 🔍 RENDER: renderPage called with activePage: Company Calendar
App.jsx:1391 🔍 RENDER: navigationState.selectedProject: null
/api/calendar-events?view=team:1  Failed to load resource: the server responded with a status of 401 ()Understand this error
/api/auth/me:1  Failed to load resource: the server responded with a status of 401 ()Understand this error
api.js:145 🚨 API ERROR: Objectdata: message: "Access denied. No token provided."success: false[[Prototype]]: Objectmessage: "Request failed with status code 401"method: "get"status: 401statusText: ""url: "/auth/me"[[Prototype]]: Object
(anonymous) @ api.js:145Understand this error
CompanyCalendarPage.jsx:117 Failed to fetch current user: Vcode: "ERR_BAD_REQUEST"config: {transitional: {…}, adapter: Array(3), transformRequest: Array(1), transformResponse: Array(1), timeout: 20000, …}message: "Request failed with status code 401"name: "AxiosError"request: XMLHttpRequest {onreadystatechange: null, readyState: 4, timeout: 20000, withCredentials: false, upload: XMLHttpRequestUpload, …}response: {data: {…}, status: 401, statusText: '', headers: Ne, config: {…}, …}status: 401stack: "AxiosError: Request failed with status code 401\n    at Ee (https://goldfish-app-4yuma.ondigitalocean.app/static/js/main.a4858aff.js:2:328278)\n    at XMLHttpRequest.g (https://goldfish-app-4yuma.ondigitalocean.app/static/js/main.a4858aff.js:2:332878)\n    at wt.request (https://goldfish-app-4yuma.ondigitalocean.app/static/js/main.a4858aff.js:2:344007)\n    at async Object.getCurrentUser (https://goldfish-app-4yuma.ondigitalocean.app/static/js/main.a4858aff.js:2:267943)\n    at async https://goldfish-app-4yuma.ondigitalocean.app/static/js/main.a4858aff.js:2:1641416"[[Prototype]]: Error
(anonymous) @ CompanyCalendarPage.jsx:117Understand this error
CompanyCalendarPage.jsx:154 Calendar: fetchTeam response: Objectdata: {teamMembers: Array(3)}message: "Team members retrieved successfully"success: true[[Prototype]]: Object
CompanyCalendarPage.jsx:161 Calendar: Found members in response.data.teamMembers
CompanyCalendarPage.jsx:180 Calendar: Setting 3 team members
/api/calendar-events:1  Failed to load resource: the server responded with a status of 401 ()Understand this error
CompanyCalendarPage.jsx:613 Error creating event: Error: Failed to create event
    at onClick (CompanyCalendarPage.jsx:601:23)
onClick @ CompanyCalendarPage.jsx:613Understand this error